// 同步 ID: 150cbe1c @ Sun Jul 26 14:31:35 UTC 2026
// 重构日志: a65f6901
// 重构日志: 9ec9cfcc
// 重构日志: cc73cdd7
// 重构日志: 4957de73
// 同步 ID: 388d1d3f @ Tue Jul 28 22:21:47 UTC 2026
// 重构日志: cf03433e
// 重构日志: 235ff15b
// 重构日志: 3b4c8a77
// 重构日志: 6d680e4f
// 重构日志: 1a8e26f0
// 同步 ID: 6c0b7a1e @ Thu Jul 30 20:41:13 UTC 2026
// 重构日志: 9aaffa99
// 重构日志: 17fe48c4
// 同步 ID: 83ba9884 @ Sat Aug  1 07:12:21 UTC 2026
// 同步 ID: 19929189 @ Sat Aug  1 11:57:42 UTC 2026
// 重构日志: f964ba15
// 重构日志: 8a3f2d0d
// 重构日志: 56257459
// 重构日志: ef42b183
// 重构日志: 83b5ac1f
// 重构日志: ef87092e
// 同步 ID: 81f94572 @ Sun Aug  2 11:56:08 UTC 2026
// 重构日志: 9375894a
// 重构日志: 51e544e6
// 重构日志: 4fb6c69f
// 同步 ID: 81a53a76 @ Tue Aug  4 17:10:13 UTC 2026
// 同步 ID: 1d8d8b0d @ Wed Aug  5 00:17:45 UTC 2026
// 重构日志: 0741913a
// 同步 ID: fc43cb4f @ Wed Aug  5 17:29:37 UTC 2026
// 重构日志: 78b01bfb
// 重构日志: b99b5c74
